app/root.tsx(59,25): error TS2339: Property 'name' does not exist on type '{}'.
app/root.tsx(60,23): error TS2339: Property 'id' does not exist on type '{}'.
app/root.tsx(75,9): error TS1155: 'const' declarations must be initialized.
app/root.tsx(75,9): error TS7005: Variable 'sign' implicitly has an 'any' type.
components/Navbar.tsx(2,24): error TS1261: Already included file name 'C:/Users/isolp/Desktop/roomify/components/ui/button.tsx' differs from file name 'C:/Users/isolp/Desktop/roomify/components/ui/Button.tsx' only in casing.
  The file is in the program because:
    Imported via "./ui/button" from file 'C:/Users/isolp/Desktop/roomify/components/Navbar.tsx'
    Matched by include pattern '**/*' in 'C:/Users/isolp/Desktop/roomify/tsconfig.json'
